******************************************************************************
                  TI ARM Linker PC v5.2.6                      
******************************************************************************
>> Linked Fri Aug 11 17:40:04 2017

OUTPUT FILE NAME:   <simple_peripheral_cc2650lp_app.out>
ENTRY POINT SYMBOL: "ResetISR"  address: 0000732d


MEMORY CONFIGURATION

         name            origin    length      used     unused   attr    fill
----------------------  --------  ---------  --------  --------  ----  --------
  IMAGE_HEADER          00001000   00000010  00000010  00000000  R  X
  FLASH                 00001010   0000d010  0000abea  00002426  R  X
  SRAM                  20000000   00004348  0000229a  000020ae  RW X


SEGMENT ALLOCATION MAP

run origin  load origin   length   init length attrs members
----------  ----------- ---------- ----------- ----- -------
00001000    00001000    0000ac00   0000ac00    r-x
  00001000    00001000    00000010   00000010    r-- .imgHdr
  00001010    00001010    0000003c   0000003c    r-- .resetVecs
  0000104c    0000104c    00009b20   00009b20    r-x .text
  0000ab6c    0000ab6c    00000816   00000816    r-- .const
  0000b384    0000b384    00000058   00000058    r-- .ccfg
  0000b3e0    0000b3e0    00000820   00000820    r-- .cinit
20000430    20000430    00000010   00000000    rw-
  20000430    20000430    00000010   00000000    rw- .TI.bound:dmaSpi0RxControlTableEntry$9
20000440    20000440    00000010   00000000    rw-
  20000440    20000440    00000010   00000000    rw- .TI.bound:dmaSpi0TxControlTableEntry$9
20000500    20000500    00000010   00000000    rw-
  20000500    20000500    00000010   00000000    rw- .TI.bound:dmaSpi1RxControlTableEntry$9
20000510    20000510    00001fa2   00000000    rw-
  20000510    20000510    00000010   00000000    rw- .TI.bound:dmaSpi1TxControlTableEntry$9
  20000520    20000520    00001331   00000000    rw- .data
  20001858    20001858    00000c5a   00000000    rw- .bss
20004148    20004148    00000200   00000000    rw-
  20004148    20004148    00000200   00000000    rw- .stack


SECTION ALLOCATION MAP

 output                                  attributes/
section   page    origin      length       input sections
--------  ----  ----------  ----------   ----------------
.imgHdr    0    00001000    00000010     
                  00001000    00000010     oad_target_external_flash.obj (.imgHdr:retain)

.text      0    0000104c    00009b20     
                  0000104c    00000310     RFCC26XX_singleMode.obj (.text:fsmActiveState$7)
                  0000135c    000002ec     peripheral.obj (.text:gapRole_processGAPMsg$24)
                  00001648    0000023c     peripheral.obj (.text:GAPRole_SetParameter)
                  00001884    00000228     drivers_cc26xxware.aem3 : PowerCC26XX.oem3 (.text:Power_sleep)
                  00001aac    00000204     driverlib.lib : sys_ctrl.obj (.text:NOROM_SysCtrlSetRechargeBeforePowerDown)
                  00001cb0    00000204     simple_peripheral.obj (.text:SimpleBLEPeripheral_init$0)
                  00001eb4    000001f4     rtsv7M3_T_le_eabi.lib : ull_div_t2.obj (.text)
                  000020a8    000001d0     drivers_cc26xxware.aem3 : PowerCC26XX_calibrateRCOSC.oem3 (.text:calibrateRcoscHf1)
                  00002278    000001a8     PINCC26XX.obj (.text:PIN_init)
                  00002420    000001a8     RFCC26XX_singleMode.obj (.text:abortCmd$7)
                  000025c8    00000184     drivers_cc26xxware.aem3 : PowerCC26XX_calibrateRCOSC.oem3 (.text:PowerCC26XX_doCalibrate)
                  0000274c    00000170     RFCC26XX_singleMode.obj (.text:RF_postCmd)
                  000028bc    00000158     SPICC26XXDMA.obj (.text:SPICC26XXDMA_initIO$9)
                  00002a14    00000144     SPICC26XXDMA.obj (.text:SPICC26XXDMA_open)
                  00002b58    00000130     driverlib.lib : setup.obj (.text:NOROM_SetupAfterColdResetWakeupFromShutDownCfg3)
                  00002c88    00000128     RFCC26XX_singleMode.obj (.text:fsmSetupState$7)
                  00002db0    00000120     peripheral.obj (.text:GAPRole_GetParameter)
                  00002ed0    0000011c     drivers_cc26xxware.aem3 : PowerCC26XX.oem3 (.text:Power_init)
                  00002fec    00000110     RFCC26XX_singleMode.obj (.text:hwiFxnCpe0Active$7)
                  000030fc    000000fc     peripheral.obj (.text:gapRole_taskFxn$24)
                  000031f8    000000f8     sysbios.aem3 : BIOS.obj (.text:xdc_runtime_Startup_startMods__I)
                  000032f0    000000f0     SPICC26XXDMA.obj (.text:SPICC26XXDMA_transferCancel)
                  000033e0    000000ec     icall.obj (.text:ICall_primWaitMatch$14)
                  000034cc    000000ec     RFCC26XX_singleMode.obj (.text:rf_init$7)
                  000035b8    000000e4     driverlib.lib : setup.obj (.text:NOROM_SetupAfterColdResetWakeupFromShutDownCfg2)
                  0000369c    000000d4     drivers_cc26xxware.aem3 : PowerCC26XX.oem3 (.text:Power_releaseDependency)
                  00003770    000000d0                             : PowerCC26XX.oem3 (.text:Power_setDependency)
                  00003840    000000cc     SPICC26XXDMA.obj (.text:SPICC26XXDMA_transfer)
                  0000390c    000000cc     simple_peripheral.obj (.text:SimpleBLEPeripheral_taskFxn$0)
                  000039d8    000000cc     driverlib.lib : setup.obj (.text:TrimAfterColdResetWakeupFromShutDown)
                  00003aa4    000000cc     sysbios.aem3 : BIOS.obj (.text:ti_sysbios_knl_Semaphore_pend__E)
                  00003b70    000000cc                  : BIOS.obj (.text:ti_sysbios_knl_Task_Instance_init__E)
                  00003c3c    000000c8     SPICC26XXDMA.obj (.text:SPICC26XXDMA_configDMA$9)
                  00003d04    000000c8     RFCC26XX_singleMode.obj (.text:fsmPowerUpState$7)
                  00003dcc    000000c8     sysbios.aem3 : m3_Hwi_asm.obj (.text:ti_sysbios_family_arm_m3_Hwi_dispatch__I)
                  00003e94    000000c4     RFCC26XX_singleMode.obj (.text:swiFxnHw$7)
                  00003f58    000000c0     RFCC26XX_singleMode.obj (.text:RF_open)
                  00004018    000000bc     power_cc26xx_tirtos.aem3 : PowerCC26XX_tirtos.oem3 (.text:PowerCC26XX_standbyPolicy)
                  000040d4    000000b4     PINCC26XX.obj (.text:PINCC26XX_setIoCfg$6)
                  00004188    000000b0     devinfoservice.obj (.text:devInfo_ReadAttrCB$19)
                  00004238    000000ac     oad.obj (.text:OAD_imgBlockWrite)
                  000042e4    000000a8     oad.obj (.text:oadWriteAttrCB$22)
                  0000438c    000000a4     driverlib.lib : setup.obj (.text:NOROM_SetupTrimDevice)
                  00004430    000000a0     SPICC26XXDMA.obj (.text:SPICC26XXDMA_hwiFxn$9)
                  000044d0    000000a0     auto_init.aem3 : auto_init.oem3 (.text)
                  00004570    000000a0     peripheral.obj (.text:gapRole_init$24)
                  00004610    0000009c     oad.obj (.text:OAD_imgIdentifyWrite)
                  000046ac    0000009c     rtsv7M3_T_le_eabi.lib : memcpy_t2.obj (.text)
                  00004748    00000098     PINCC26XX.obj (.text:PIN_open)
                  000047e0    00000098     simple_peripheral.obj (.text:SimpleBLEPeripheral_processStateChangeEvt$0)
                  00004878    00000098     simple_gatt_profile.obj (.text:simpleProfile_WriteAttrCB$25)
                  00004910    00000098     sysbios.aem3 : BIOS.obj (.text:ti_sysbios_knl_Clock_workFuncDynamic__E)
                  000049a8    00000094     SPICC26XXDMA.obj (.text:SPICC26XXDMA_control)
                  00004a3c    00000094     sysbios.aem3 : BIOS.obj (.text:ti_sysbios_family_arm_m3_Hwi_Instance_init__E)
                  00004ad0    00000090     oad.obj (.text:crcCalcDL$22)
                  00004b60    00000090     drivers_cc26xxware.aem3 : PowerCC26XX.oem3 (.text:switchXOSCHFclockFunc)
                  00004bf0    0000008c     driverlib.lib : osc.obj (.text:NOROM_OSCHF_GetStartupTime)
                  00004c7c    00000084     icall.obj (.text:ICall_heapMalloc)
                  00004d00    00000084     icall.obj (.text:ICall_primSetTimer$14)
                  00004d84    00000084     TRNGCC26XX.obj (.text:TRNGCC26XX_getNumber)
                  00004e08    00000080     RFCC26XX_singleMode.obj (.text:RF_pendCmd)
                  00004e88    00000080     sysbios.aem3 : BIOS.obj (.text:ti_sysbios_family_arm_m3_Hwi_initNVIC__E)
                  00004f08    00000080                  : BIOS.obj (.text:ti_sysbios_knl_Task_postInit__I)
                  00004f88    00000080                  : BIOS.obj (.text:xdc_runtime_Core_createObject__I)
                  00005008    0000007c     icall.obj (.text:ICall_createRemoteTasks)
                  00005084    0000007c     drivers_cc26xxware.aem3 : PowerCC26XX.oem3 (.text:disableLFClockQualifiers)
                  00005100    0000007a     rtsv7M3_T_le_eabi.lib : memset_t2.obj (.text)
                  0000517a    00000002     ble_user_config.obj (.text:DefaultAssertCback)
                  0000517c    00000078     driverlib.lib : setup.obj (.text:NOROM_SetupAfterColdResetWakeupFromShutDownCfg1)
                  000051f4    00000078     oad.obj (.text:OAD_rejectImage$22)
                  0000526c    00000078     sysbios.aem3 : BIOS.obj (.text:ti_sysbios_knl_Clock_walkQueueDynamic__E)
                  000052e4    00000074     gattservapp_util.obj (.text:GATTServApp_ProcessCharCfg)
                  00005358    00000074     icall_cc2650.obj (.text:ICallPlatform_pwrUpdActivityCounter)
                  000053cc    00000074     icall.obj (.text:ICall_primSend$14)
                  00005440    00000074     drivers_cc26xxware.aem3 : PowerCC26XX_calibrateRCOSC.oem3 (.text:PowerCC26XX_auxISR)
                  000054b4    00000074                             : PowerCC26XX_calibrateRCOSC.oem3 (.text:calibrateRcoscHf2)
                  00005528    00000074     peripheral.obj (.text:gapRole_startConnUpdate$24)
                  0000559c    00000070     driverlib.lib : chipinfo.obj (.text:NOROM_ChipInfo_GetHwRevision)
                  0000560c    0000006e     ExtFlash.obj (.text:ExtFlash_write)
                  0000567a    00000002     driverlib.lib : rfc.obj (.text:NOROM_RFCAdi3VcoLdoVoltageMode)
                  0000567c    0000006c     icall.obj (.text:ICall_heapInit)
                  000056e8    0000006c     driverlib.lib : setup.obj (.text:NOROM_SetupGetTrimForAmpcompCtrl)
                  00005754    0000006c     drivers_cc26xxware.aem3 : PowerCC26XX.oem3 (.text:PowerCC26XX_calibrate)
                  000057c0    0000006c     RFCC26XX_singleMode.obj (.text:fsmPowerDownState$7)
                  0000582c    0000006c     gattservapp_util.obj (.text:gattServApp_SendNotiInd$21)
                  00005898    0000006c     sysbios.aem3 : BIOS.obj (.text:xdc_runtime_Memory_alloc__E)
                  00005904    0000006a     rtsv7M3_T_le_eabi.lib : copy_decompress_rle.obj (.text)
                  0000596e    00000002     driverlib.lib : rfc.obj (.text:NOROM_RFCRTrim)
                  00005970    00000068                   : setup.obj (.text:NOROM_SetupGetTrimForAnabypassValue1)
                  000059d8    00000068                   : sys_ctrl.obj (.text:NOROM_SysCtrl_DCDC_VoltageConditionalControl)
                  00005a40    00000068     oad_target_external_flash.obj (.text:OADTarget_getCurrentImageHeader)
                  00005aa8    00000068     simple_gatt_profile.obj (.text:SimpleProfile_SetParameter)
                  00005b10    00000068     sysbios.aem3 : BIOS.obj (.text:ti_sysbios_knl_Clock_startI__E)
                  00005b78    00000068                  : BIOS.obj (.text:ti_sysbios_knl_Swi_restoreHwi__E)
                  00005be0    00000064     PINCC26XX.obj (.text:PIN_add)
                  00005c44    00000064     sysbios.aem3 : BIOS.obj (.text:ti_sysbios_family_arm_cc26xx_Timer_start__E)
                  00005ca8    00000064                  : BIOS.obj (.text:ti_sysbios_knl_Semaphore_post__E)
                  00005d0c    00000060     icall.obj (.text:ICall_primEnroll$14)
                  00005d6c    00000060     oad.obj (.text:OAD_sendStatus$22)
                  00005dcc    00000060     drivers_cc26xxware.aem3 : PowerCC26XX_calibrateRCOSC.oem3 (.text:PowerCC26XX_RCOSC_clockFunc)
                  00005e2c    00000060     RFCC26XX_singleMode.obj (.text:RF_getCurrentTime)
                  00005e8c    00000060     drivers_cc26xxware.aem3 : PowerCC26XX_calibrateRCOSC.oem3 (.text:updateSubSecInc)
                  00005eec    0000005c     ExtFlash.obj (.text:ExtFlash_erase)
                  00005f48    0000005c     icall.obj (.text:ICall_primThreadServes$14)
                  00005fa4    0000005c     driverlib.lib : osc.obj (.text:NOROM_OSCHF_AttemptToSwitchToXosc)
                  00006000    0000005c                   : sys_ctrl.obj (.text:NOROM_SysCtrlAdjustRechargeAfterPowerDown)
                  0000605c    0000005c     oad_target_external_flash.obj (.text:OADTarget_validateNewImage)
                  000060b8    0000005c     oad.obj (.text:OAD_getNextBlockReq$22)
                  00006114    0000005c     UDMACC26XX.obj (.text:UDMACC26XX_open)
                  00006170    0000005c     RFCC26XX_singleMode.obj (.text:applyRfCorePatch$7)
                  000061cc    0000005c     RFCC26XX_singleMode.obj (.text:decActiveClientCnt$7)
                  00006228    0000005c     simple_gatt_profile.obj (.text:simpleProfile_ReadAttrCB$25)
                  00006284    0000005c     sysbios.aem3 : BIOS.obj (.text:ti_sysbios_knl_Task_Module_startup__E)
                  000062e0    0000005c                  : BIOS.obj (.text:ti_sysbios_knl_Task_startCore__E)
                  0000633c    0000005a     SPICC26XXDMA.obj (.text:SPICC26XXDMA_close)
                  00006396    00000002     SPICC26XXDMA.obj (.text:SPICC26XXDMA_serviceISR$9)
                  00006398    00000058     oad.obj (.text:OAD_addService)
                  000063f0    00000058     PINCC26XX.obj (.text:PIN_remove)
                  00006448    00000058     drivers_cc26xxware.aem3 : PowerCC26XX_calibrateRCOSC.oem3 (.text:PowerCC26XX_initiateCalibration)
                  000064a0    00000058     SPICC26XXDMA.obj (.text:SPICC26XXDMA_initHw$9)
                  000064f8    00000058     sysbios.aem3 : BIOS.obj (.text:ti_sysbios_family_arm_m3_Hwi_postInit__I)
                  00006550    00000058                  : BIOS.obj (.text:ti_sysbios_knl_Swi_Instance_init__E)
                  000065a8    00000058                  : BIOS.obj (.text:ti_sysbios_knl_Swi_run__I)
                  00006600    00000054     drivers_cc26xxware.aem3 : PowerCC26XX.oem3 (.text:configureXOSCHF)
                  00006654    00000054     RFCC26XX_singleMode.obj (.text:fsmXOSCState$7)
                  000066a8    00000054     RFCC26XX_singleMode.obj (.text:hwiFxnHw$7)
                  000066fc    00000054     RFCC26XX_singleMode.obj (.text:ratChanFree$7)
                  00006750    00000054     sysbios.aem3 : BIOS.obj (.text:ti_sysbios_family_arm_m3_Hwi_dispatchC__I)
                  000067a4    00000054                  : BIOS.obj (.text:ti_sysbios_knl_Swi_schedule__I)
                  000067f8    00000052     icall.obj (.text:ICall_primWait$14)
                  0000684a    00000052     SPICC26XXDMA.obj (.text:SPICC26XXDMA_swiFxn$9)
                  0000689c    00000050     icall_api.obj (.text:GAP_DeviceInit)
                  000068ec    00000050     icall_api.obj (.text:GAP_UpdateAdvertisingData)
                  0000693c    00000050     icall.obj (.text:ICall_primRegisterApp$14)
                  0000698c    00000050     driverlib.lib : setup.obj (.text:NOROM_SetupSetCacheModeAccordingToCcfgSetting)
                  000069dc    00000050     RFCC26XX_singleMode.obj (.text:RF_getInfo)
                  00006a2c    00000050     simple_gatt_profile.obj (.text:SimpleProfile_GetParameter)
                  00006a7c    00000050     oad.obj (.text:checkDL$22)
                  00006acc    00000050     RFCC26XX_singleMode.obj (.text:syncCb$7)
                  00006b1c    00000050     sysbios.aem3 : BIOS.obj (.text:ti_sysbios_knl_Swi_runLoop__I)
                  00006b6c    00000050                  : BIOS.obj (.text:xdc_runtime_Startup_exec__E)
                  00006bbc    0000004c     ExtFlash.obj (.text:ExtFlash_waitReady$18)
                  00006c08    0000004c     icall_cc2650.obj (.text:ICallPlatform_pwrRegisterNotify)
                  00006c54    0000004c     icall.obj (.text:ICall_newTask$14)
                  00006ca0    0000004c     icall.obj (.text:ICall_primGetEntityId$14)
                  00006cec    0000004c     driverlib.lib : osc.obj (.text:NOROM_OSCClockSourceSet)
                  00006d38    0000004c     RFCC26XX_singleMode.obj (.text:dispatchOpWhen$7)
                  00006d84    0000004c     peripheral.obj (.text:gapRole_processStackMsg$24)
                  00006dd0    0000004c     rtsv7M3_T_le_eabi.lib : cpy_tbl.obj (.text)
                  00006e1c    0000004c     sysbios.aem3 : m3_TaskSupport_asm.obj (.text:ti_sysbios_family_arm_m3_TaskSupport_buildTaskStack)
                  00006e68    0000004c                  : BIOS.obj (.text:ti_sysbios_knl_Task_schedule__I)
                  00006eb4    0000004a     gattservapp_util.obj (.text:GATTServApp_ProcessCCCWriteReq)
                  00006efe    00000002     RFCC26XX_singleMode.obj (.text:defaultErrCb$7)
                  00006f00    00000048     driverlib.lib : chipinfo.obj (.text:NOROM_ChipInfo_GetChipFamily)
                  00006f48    00000048                   : ddi.obj (.text:NOROM_DDI16BitfieldWrite)
                  00006f90    00000048     simple_peripheral.obj (.text:SimpleBLEPeripheral_processOadWriteCB)
                  00006fd8    00000048     util.obj (.text:Util_constructClock)
                  00007020    00000048     icall_api.obj (.text:gattIndNoti$17)
                  00007068    00000048     main.obj (.text:main)
                  000070b0    00000048     drivers_cc26xxware.aem3 : PowerCC26XX.oem3 (.text:notify)
                  000070f8    00000048     sysbios.aem3 : BIOS.obj (.text:ti_sysbios_family_arm_m3_Hwi_Module_startup__E)
                  00007140    00000048                  : m3_Hwi_asm_switch.obj (.text:ti_sysbios_family_arm_m3_Hwi_initStacks__E)
                  00007188    00000048     app_ble_pem3.oem3 (.text:ti_sysbios_hal_Hwi_create)
                  000071d0    00000048     sysbios.aem3 : BIOS.obj (.text:xdc_runtime_Core_assignParams__I)
                  00007218    00000048                  : BIOS.obj (.text:xdc_runtime_Core_constructObject__I)
                  00007260    00000044     main.obj (.text:AssertHandler)
                  000072a4    00000044     icall_api.obj (.text:GAP_TerminateLinkReq)
                  000072e8    00000044     PINCC26XX.obj (.text:PIN_swi$6)
                  0000732c    00000044     boot.aem3 : boot.oem3 (.text)
                  00007370    00000044     icall_api.obj (.text:gapSendParamAndPtrCmd$17)
                  000073b4    00000044     rtsv7M3_T_le_eabi.lib : exit.obj (.text)
                  000073f8    00000044     app_ble_pem3.oem3 (.text:ti_sysbios_family_arm_m3_Hwi_Object__create__S)
                  0000743c    00000044     sysbios.aem3 : BIOS.obj (.text:ti_sysbios_family_arm_m3_Hwi_disableInterrupt__E)
                  00007480    00000044                  : BIOS.obj (.text:ti_sysbios_family_arm_m3_Hwi_enableInterrupt__E)
                  000074c4    00000044                  : BIOS.obj (.text:ti_sysbios_knl_Swi_post__E)
                  00007508    00000044                  : BIOS.obj (.text:ti_sysbios_knl_Task_allBlockedFunction__I)
                  0000754c    00000044     app_ble_pem3.oem3 (.text:ti_sysbios_knl_Task_create)
                  00007590    00000042     icall.obj (.text:ICall_primCreateTask$14)
                  000075d2    00000002     drivers_cc26xxware.aem3 : PowerCC26XX.oem3 (.text:emptyClockFunc)
                  000075d4    00000040     ExtFlash.obj (.text:ExtFlash_open)
                  00007614    00000040     ExtFlash.obj (.text:ExtFlash_read)
                  00007654    00000040     peripheral.obj (.text:GAPRole_SendUpdateParam)
                  00007694    00000040     peripheral.obj (.text:GAPRole_createTask)
                  000076d4    00000040     icall_api.obj (.text:GATT_SendRsp)
                  00007714    00000040     driverlib.lib : ddi.obj (.text:NOROM_DDI16BitfieldRead)
                  00007754    00000040     oad_target_external_flash.obj (.text:OADTarget_storeImageHeader)
                  00007794    00000040     RFCC26XX_singleMode.obj (.text:RF_getRssi)
                  000077d4    00000040     ExtFlash.obj (.text:extFlashVerifyPart$18)
                  00007814    00000040     sysbios.aem3 : BIOS.obj (.text:ti_sysbios_family_arm_m3_Hwi_getStackInfo__E)
                  00007854    00000040                  : BIOS.obj (.text:xdc_runtime_HeapMin_alloc__E)
                  00007894    0000003e     icall_api.obj (.text:hciSendParamsCmd$17)
                  000078d2    00000002     sysbios.aem3 : BIOS.obj (.text:ti_sysbios_BIOS_linkedWithIncorrectBootLibrary__E)
                  000078d4    0000003c     ExtFlash.obj (.text:ExtFlash_readInfo$18)
                  00007910    0000003c     icall_api.obj (.text:GAP_GetParamValue)
                  0000794c    0000003c     icall_api.obj (.text:GATTServApp_RegisterService)
                  00007988    0000003c     icall_cc2650.obj (.text:ICallPlatform_pwrConfigACAction)
                  000079c4    0000003c     driverlib.lib : osc.obj (.text:NOROM_OSC_HPOSCRelativeFrequencyOffsetGet)
                  00007a00    0000003c                   : rfc.obj (.text:NOROM_RFCSynthPowerDown)
                  00007a3c    0000003c     PINCC26XX.obj (.text:PINCC26XX_getConfig)
                  00007a78    0000003c     RFCC26XX_singleMode.obj (.text:RF_runCmd)
                  00007ab4    0000003c     SPICC26XXDMA.obj (.text:SPICC26XXDMA_csnCallback$9)
                  00007af0    0000003c     simple_peripheral.obj (.text:SimpleBLEPeripheral_createTask)
                  00007b2c    0000003c     oad.obj (.text:oadReadAttrCB$22)
                  00007b68    0000003c     RFCC26XX_singleMode.obj (.text:postDirImmCmd$7)
                  00007ba4    0000003c     icall_api.obj (.text:profileSetParameter$17)
                  00007be0    0000003c     icall_api.obj (.text:sendWaitMatchCS$17)
                  00007c1c    0000003c     icall_api.obj (.text:sendWaitMatchValueCS$17)
                  00007c58    0000003c     app_ble_pem3.oem3 (.text:ti_sysbios_family_arm_m3_Hwi_construct)
                  00007c94    0000003a     sysbios.aem3 : BIOS.obj (.text:ti_sysbios_knl_Task_exit__E)
                  00007cce    00000002     app_ble_pem3.oem3 (.text:ti_sysbios_BIOS_nullFunc__I)
                  00007cd0    00000038     icall_api.obj (.text:GAPBondMgr_LinkEst)
                  00007d08    00000038     icall.obj (.text:ICall_primGetMaxMSecs$14)
                  00007d40    00000038     simple_peripheral.obj (.text:SimpleBLEPeripheral_sendAttRsp$0)
                  00007d78    00000038     ExtFlash.obj (.text:Spi_open$18)
                  00007db0    00000038     util.obj (.text:Util_restartClock)
                  00007de8    00000038     icall_api.obj (.text:linkDB_NumActive)
                  00007e20    00000038     icall_api.obj (.text:linkDB_NumConns)
                  00007e58    00000038     icall_api.obj (.text:registerTask$17)
                  00007e90    00000038     sysbios.aem3 : BIOS.obj (.text:ti_sysbios_family_arm_cc26xx_Timer_getCurrentTick__E)
                  00007ec8    00000038                  : BIOS.obj (.text:ti_sysbios_family_arm_m3_Hwi_Instance_finalize__E)
                  00007f00    00000038                  : BIOS.obj (.text:ti_sysbios_knl_Clock_Instance_init__E)
                  00007f38    00000038     app_ble_pem3.oem3 (.text:ti_sysbios_knl_Clock_create)
                  00007f70    00000038     app_ble_pem3.oem3 (.text:ti_sysbios_knl_Swi_construct)
                  00007fa8    00000038     app_ble_pem3.oem3 (.text:ti_sysbios_knl_Task_construct)
                  00007fe0    00000038     sysbios.aem3 : BIOS.obj (.text:xdc_runtime_System_atexit__E)
                  00008018    00000036     UDMACC26XX.obj (.text:UDMACC26XX_close)
                  0000804e    00000036     RFCC26XX_singleMode.obj (.text:updateImplicitState$7)
                  00008084    00000034     icall_api.obj (.text:GAPBondMgr_SetParameter)
                  000080b8    00000034     icall_api.obj (.text:GAP_SetParamValue)
                  000080ec    00000034     icall.obj (.text:ICall_primEntityId2ServiceId$14)
                  00008120    00000034     icall.obj (.text:ICall_primFetchMsg$14)
                  00008154    00000034     icall.obj (.text:ICall_primRegisterISR$14)
                  00008188    00000034     icall.obj (.text:ICall_primRegisterISR_Ext$14)
                  000081bc    00000034     icall.obj (.text:ICall_searchServiceEntity)
                  000081f0    00000034     driverlib.lib : osc.obj (.text:NOROM_OSCHF_SwitchToRcOscTurnOffXosc)
                  00008224    00000034                   : trng.obj (.text:NOROM_TRNGConfigure)
                  00008258    00000034     PINCC26XX.obj (.text:PIN_setOutputValue)
                  0000828c    00000034     drivers_cc26xxware.aem3 : PowerCC26XX.oem3 (.text:PowerCC26XX_isStableXOSC_HF)
                  000082c0    00000034     RFCC26XX_singleMode.obj (.text:Q_push$7)
                  000082f4    00000034     simple_peripheral.obj (.text:SimpleBLEPeripheral_processGATTMsg$0)
                  00008328    00000034     icall_api.obj (.text:linkDB_GetInfo)
                  0000835c    00000034     icall_api.obj (.text:osal_snv_read)
                  00008390    00000034     icall_api.obj (.text:osal_snv_write)
                  000083c4    00000034     icall_api.obj (.text:profileAddService$17)
                  000083f8    00000034     sysbios.aem3 : BIOS.obj (.text:ti_sysbios_family_arm_cc26xx_Timer_initDevice__I)
                  0000842c    00000034     app_ble_pem3.oem3 (.text:ti_sysbios_knl_Clock_construct)
                  00008460    00000034     app_ble_pem3.oem3 (.text:ti_sysbios_knl_Semaphore_create)
                  00008494    00000034     sysbios.aem3 : BIOS.obj (.text:ti_sysbios_knl_Swi_restore__E)
                  000084c8    00000034                  : BIOS.obj (.text:ti_sysbios_knl_Task_blockI__E)
                  000084fc    00000032     icall_api.obj (.text:gapSendParamsCmd$17)
                  0000852e    00000032     icall_api.obj (.text:gapSendPtrParamsCmd$17)
                  00008560    00000032     icall_api.obj (.text:matchGapSetGetParamCS$17)
                  00008592    00000032     icall_api.obj (.text:matchGattCmdStatus$17)
                  000085c4    00000032     icall_api.obj (.text:matchUtilNvCS$17)
                  000085f6    00000032     sysbios.aem3 : BIOS.obj (.text:ti_sysbios_family_arm_cc26xx_Timer_setNextTick__E)
                  00008628    00000030     ExtFlash.obj (.text:ExtFlash_close)
                  00008658    00000030     ExtFlash.obj (.text:ExtFlash_writeEnable$18)
                  00008688    00000030     icall_cc2650.obj (.text:ICallPlatform_pwrNotify$15)
                  000086b8    00000030     icall.obj (.text:ICall_msecs2Ticks$14)
                  000086e8    00000030     icall.obj (.text:ICall_searchTask$14)
                  00008718    00000030     driverlib.lib : setup.obj (.text:NOROM_SetupSetAonRtcSubSecInc)
                  00008748    00000030     PINCC26XX.obj (.text:PIN_setInterrupt)
                  00008778    00000030     drivers_cc26xxware.aem3 : PowerCC26XX.oem3 (.text:Power_releaseConstraint)
                  000087a8    00000030                             : PowerCC26XX.oem3 (.text:Power_setConstraint)
                  000087d8    00000030     SPI.obj (.text:SPI_open)
                  00008808    00000030     ExtFlash.obj (.text:Spi_read$18)
                  00008838    00000030     ExtFlash.obj (.text:Spi_write$18)
                  00008868    00000030     oad.obj (.text:crc16$22)
                  00008898    00000030     oad_target_external_flash.obj (.text:saveImageInfo)
                  000088c8    00000030     app_ble_pem3.oem3 (.text:ti_sysbios_BIOS_atExitFunc__I)
                  000088f8    00000030     app_ble_pem3.oem3 (.text:ti_sysbios_BIOS_startFunc__I)
                  00008928    00000030     sysbios.aem3 : BIOS.obj (.text:ti_sysbios_family_arm_cc26xx_Timer_setThreshold__I)
                  00008958    00000030     app_ble_pem3.oem3 (.text:ti_sysbios_gates_GateHwi_Object__create__S)
                  00008988    00000030     app_ble_pem3.oem3 (.text:ti_sysbios_gates_GateMutex_Object__create__S)
                  000089b8    00000030     sysbios.aem3 : BIOS.obj (.text:ti_sysbios_gates_GateMutex_enter__E)
                  000089e8    00000030     app_ble_pem3.oem3 (.text:ti_sysbios_knl_Semaphore_construct)
                  00008a18    00000030     sysbios.aem3 : BIOS.obj (.text:ti_sysbios_knl_Task_processVitalTaskFlag__I)
                  00008a48    00000030     app_ble_pem3.oem3 (.text:xdc_runtime_HeapMin_Object__create__S)
                  00008a78    00000030     sysbios.aem3 : BIOS.obj (.text:xdc_runtime_HeapMin_free__E)
                  00008aa8    00000030                  : BIOS.obj (.text:xdc_runtime_System_processAtExit__E)
                  00008ad8    0000002e     icall_cc2650.obj (.text:ICallPlatform_pwrDispenseImpl$15)
                  00008b06    0000002e     icall_cc2650.obj (.text:ICallPlatform_pwrRequireImpl$15)
                  00008b34    0000002e     simple_peripheral.obj (.text:ICall_fetchServiceMsg$0)
                  00008b62    0000002e     peripheral.obj (.text:ICall_fetchServiceMsg$24)
                  00008b90    0000002e     icall.obj (.text:ICall_msgDequeue$14)
                  00008bbe    0000002e     icall_api.obj (.text:matchProfileAddServiceCS$17)
                  00008bec    0000002e     sysbios.aem3 : BIOS.obj (.text:ti_sysbios_family_arm_m3_TaskSupport_start__E)
                  00008c1a    00000002                  : BIOS.obj (.text:ti_sysbios_gates_GateHwi_Instance_init__E)
                  00008c1c    0000002c     icall_api.obj (.text:GAPBondMgr_Register)
                  00008c48    0000002c     icall_api.obj (.text:HCI_EXT_ConnEventNoticeCmd)
                  00008c74    0000002c     icall.obj (.text:ICall_heapFree)
                  00008ca0    0000002c     oad.obj (.text:ICall_malloc$22)
                  00008ccc    0000002c     simple_gatt_profile.obj (.text:ICall_malloc$25)
                  00008cf8    0000002c     icall.obj (.text:ICall_msgEnqueue$14)
                  00008d24    0000002c     icall.obj (.text:ICall_primAllocMsg$14)
                  00008d50    0000002c     icall.obj (.text:ICall_primFetchServiceMsg$14)
                  00008d7c    0000002c     icall_api.obj (.text:ICall_sendServiceMsg$17)
                  00008da8    0000002c     driverlib.lib : ddi.obj (.text:NOROM_DDI32RegWrite)
                  00008dd4    0000002c                   : setup.obj (.text:NOROM_SetupGetTrimForRadcExtCfg)
                  00008e00    0000002c     PINCC26XX.obj (.text:PINCC26XX_setMux)
                  00008e2c    0000002c     PINCC26XX.obj (.text:PIN_setConfig)
                  00008e58    0000002c     ExtFlash.obj (.text:extFlashPowerStandby$18)
                  00008e84    0000002c     RFCC26XX_singleMode.obj (.text:getCmd$7)
                  00008eb0    0000002c     icall_api.obj (.text:hciSendCmd$17)
                  00008edc    0000002c     sysbios.aem3 : BIOS.obj (.text:ti_sysbios_hal_Hwi_initStack)
                  00008f08    0000002c                  : BIOS.obj (.text:ti_sysbios_knl_Clock_getTicksUntilInterrupt__E)
                  00008f34    0000002c     app_ble_pem3.oem3 (.text:ti_sysbios_knl_Queue_construct)
                  00008f60    0000002c     sysbios.aem3 : BIOS.obj (.text:ti_sysbios_knl_Semaphore_pendTimeout__I)
                  00008f8c    0000002c                  : BIOS.obj (.text:ti_sysbios_knl_Task_unblockI__E)
                  00008fb8    0000002a     icall_api.obj (.text:ICall_waitMatch$17)
                  00008fe2    0000002a     TRNGCC26XX.obj (.text:TRNGCC26XX_isParamValid)
                  0000900c    0000002a     util.obj (.text:Util_enqueueMsg)
                  00009036    0000002a     icall_api.obj (.text:matchProfileCS$17)
                  00009060    00000028     gattservapp_util.obj (.text:GATTServApp_WriteCharCfg)
                  00009088    00000028     icall.obj (.text:ICall_init)
                  000090b0    00000028     icall.obj (.text:ICall_msgPrepend$14)
                  000090d8    00000028     simple_peripheral.obj (.text:ICall_registerApp$0)
                  00009100    00000028     peripheral.obj (.text:ICall_registerApp$24)
                  00009128    00000028     driverlib.lib : aon_batmon.obj (.text:NOROM_AONBatMonTemperatureGetDegC)
                  00009150    00000028     drivers_cc26xxware.aem3 : PowerCC26XX.oem3 (.text:PowerCC26XX_switchXOSC_HF)
                  00009178    00000028                             : PowerCC26XX.oem3 (.text:Power_registerNotify)
                  000091a0    00000028     SPICC26XXDMA.obj (.text:SPICC26XXDMA_flushFifos$9)
                  000091c8    00000028     driverlib.lib : adi.obj (.text:SafeHapiVoid)
                  000091f0    00000028     simple_peripheral.obj (.text:SimpleBLEPeripheral_freeAttRsp$0)
                  00009218    00000028     simple_gatt_profile.obj (.text:SimpleProfile_AddService)
                  00009240    00000028     TRNGCC26XX.obj (.text:TRNGCC26XX_init)
                  00009268    00000028     RFCC26XX_singleMode.obj (.text:clkPowerUpFxn$7)
                  00009290    00000028     gattservapp_util.obj (.text:gattServApp_FindCharCfgItem$21)
                  000092b8    00000028     sysbios.aem3 : BIOS.obj (.text:ti_sysbios_family_arm_cc26xx_Timer_getMaxTicks__E)
                  000092e0    00000028                  : BIOS.obj (.text:ti_sysbios_knl_Clock_addI__E)
                  00009308    00000028                  : BIOS.obj (.text:ti_sysbios_knl_Task_restore__E)
                  00009330    00000026     drivers_cc26xxware.aem3 : List.oem3 (.text:List_put)
                  00009356    00000026     sysbios.aem3 : BIOS.obj (.text:ti_sysbios_hal_Hwi_Instance_init__E)
                  0000937c    00000024     icall_api.obj (.text:GAPBondMgr_LinkTerm)
                  000093a0    00000024     icall_api.obj (.text:ICall_getLocalMsgEntityId$17)
                  000093c4    00000024     icall_api.obj (.text:ICall_threadServes$17)
                  000093e8    00000024     PINCC26XX.obj (.text:PINCC26XX_getPinCount)
                  0000940c    00000024     simple_peripheral.obj (.text:SimpleBLEPeripheral_enqueueMsg$0)
                  00009430    00000024     oad_target_external_flash.obj (.text:getImageFlag)
                  00009454    00000024     drivers_cc26xxware.aem3 : PowerCC26XX_calibrateRCOSC.oem3 (.text:getTdcSemaphore)
                  00009478    00000024     RFCC26XX_singleMode.obj (.text:hwiFxnCpe0PowerFsm$7)
                  0000949c    00000024     app_ble_pem3.oem3 (.text:ti_sysbios_BIOS_registerRTSLock__I)
                  000094c0    00000024     app_ble_pem3.oem3 (.text:ti_sysbios_BIOS_removeRTSLock__I)
                  000094e4    00000024     sysbios.aem3 : BIOS.obj (.text:ti_sysbios_family_arm_cc26xx_Timer_Module_startup__E)
                  00009508    00000024                  : BIOS.obj (.text:ti_sysbios_family_arm_cc26xx_Timer_startup__E)
                  0000952c    00000024                  : BIOS.obj (.text:ti_sysbios_knl_Semaphore_Instance_init__E)
                  00009550    00000024                  : BIOS.obj (.text:ti_sysbios_knl_Swi_Module_startup__E)
                  00009574    00000022     icall.obj (.text:ICall_dispatch$14)
                  00009596    00000022     util.obj (.text:ICall_malloc$1)
                  000095b8    00000022     rtsv7M3_T_le_eabi.lib : memcmp.obj (.text)
                  000095da    00000022     sysbios.aem3 : BIOS.obj (.text:ti_sysbios_family_arm_cc26xx_Timer_postInit__I)
                  000095fc    00000020     gattservapp_util.obj (.text:GATTServApp_InitCharCfg)
                  0000961c    00000020     icall_api.obj (.text:ICall_allocMsg$17)
                  0000963c    00000020     icall_api.obj (.text:ICall_getEntityId$17)
                  0000965c    00000020     simple_peripheral.obj (.text:ICall_malloc$0)
                  0000967c    00000020     icall.obj (.text:ICall_primService$14)
                  0000969c    00000020     icall.obj (.text:ICall_searchService$14)
                  000096bc    00000020     driverlib.lib : rfc.obj (.text:NOROM_RFCDoorbellSendTo)
                  000096dc    00000020                   : rfc.obj (.text:NOROM_RFCRfTrimRead)
                  000096fc    00000020                   : setup.obj (.text:NOROM_SetupGetTrimForXoscHfCtl)
                  0000971c    00000020     drivers_cc26xxware.aem3 : PowerCC26XX.oem3 (.text:Power_unregisterNotify)
                  0000973c    00000020     UDMACC26XX.obj (.text:UDMACC26XX_initHw$13)
                  0000975c    00000020     RFCC26XX_singleMode.obj (.text:allocCmd$7)
                  0000977c    00000020     app_ble_pem3.oem3 (.text:ti_sysbios_BIOS_rtsLock__I)
                  0000979c    00000020     sysbios.aem3 : BIOS.obj (.text:ti_sysbios_family_arm_cc26xx_Timer_dynamicStub__E)
                  000097bc    00000020                  : m3_Hwi_asm.obj (.text:ti_sysbios_family_arm_m3_Hwi_excHandlerAsm__I)
                  000097dc    00000020                  : BIOS.obj (.text:ti_sysbios_family_arm_m3_Hwi_excHandler__I)
                  000097fc    00000020                  : BIOS.obj (.text:ti_sysbios_knl_Clock_Module_startup__E)
                  0000981c    00000020                  : BIOS.obj (.text:ti_sysbios_knl_Clock_getTicks__E)
                  0000983c    00000020                  : BIOS.obj (.text:ti_sysbios_knl_Clock_stop__E)
                  0000985c    00000020                  : BIOS.obj (.text:ti_sysbios_knl_Idle_run__E)
                  0000987c    00000020     app_ble_pem3.oem3 (.text:ti_sysbios_knl_Semaphore_Object__destruct__S)
                  0000989c    00000020     sysbios.aem3 : BIOS.obj (.text:ti_sysbios_knl_Task_restoreHwi__E)
                  000098bc    0000001e     icall.obj (.text:ICall_primSendServiceMsg$14)
                  000098da    0000001e     PINCC26XX.obj (.text:PIN_close)
                  000098f8    0000001e     drivers_cc26xxware.aem3 : PowerCC26XX.oem3 (.text:Power_getTransitionLatency)
                  00009916    0000001e     simple_peripheral.obj (.text:SimpleBLEPeripheral_processCharValueChangeEvt$0)
                  00009934    0000001e     icall_api.obj (.text:matchHciCS$17)
                  00009952    0000001e     sysbios.aem3 : m3_Hwi_asm_switch.obj (.text:ti_sysbios_family_xxx_Hwi_switchAndRunFunc)
                  00009970    0000001e     icall_api.obj (.text:waitMatchCS$17)
                  0000998e    00000002     sysbios.aem3 : BIOS.obj (.text:ti_sysbios_knl_Clock_logTick__E)
                  00009990    0000001c     peripheral.obj (.text:GAPRole_StartDevice)
                  000099ac    0000001c     icall_api.obj (.text:GATT_bm_alloc)
                  000099c8    0000001c     icall_api.obj (.text:GATT_bm_free)
                  000099e4    0000001c     icall.obj (.text:ICall_initPrim$14)
                  00009a00    0000001c     simple_peripheral.obj (.text:ICall_wait$0)
                  00009a1c    0000001c     peripheral.obj (.text:ICall_wait$24)
                  00009a38    0000001c     driverlib.lib : osc.obj (.text:NOROM_OSCClockSourceGet)
                  00009a54    0000001c                   : setup.obj (.text:NOROM_SetupGetTrimForAmpcompTh2)
                  00009a70    0000001c                   : setup.obj (.text:NOROM_SetupGetTrimForRcOscLfRtuneCtuneTrim)
                  00009a8c    0000001c     PINCC26XX.obj (.text:PINCC26XX_setIoCfgMux$6)
                  00009aa8    0000001c     PINCC26XX.obj (.text:PIN_hwi$6)
                  00009ac4    0000001c     RFCC26XX_singleMode.obj (.text:RF_runDirectCmd)
                  00009ae0    0000001c     RFCC26XX_singleMode.obj (.text:RF_runImmediateCmd)
                  00009afc    0000001c     TRNGCC26XX.obj (.text:TRNGCC26XX_open)
                  00009b18    0000001c     peripheral.obj (.text:gapRole_HandleParamUpdateNoSuccess$24)
                  00009b34    0000001c     icall_api.obj (.text:getStatusValueFromErrNo$17)
                  00009b50    0000001c     TRNGCC26XX.obj (.text:openTRNG)
                  00009b6c    0000001c     app_ble_pem3.oem3 (.text:ti_sysbios_family_arm_m3_Hwi_Object__destruct__S)
                  00009b88    0000001c     sysbios.aem3 : BIOS.obj (.text:ti_sysbios_family_arm_m3_Hwi_setPriority__E)
                  00009ba4    0000001c                  : BIOS.obj (.text:ti_sysbios_gates_GateMutex_Instance_init__E)
                  00009bc0    0000001c     app_ble_pem3.oem3 (.text:ti_sysbios_hal_Hwi_HwiProxy_create)
                  00009bdc    0000001c     sysbios.aem3 : BIOS.obj (.text:ti_sysbios_knl_Clock_scheduleNextTick__E)
                  00009bf8    0000001c     app_ble_pem3.oem3 (.text:ti_sysbios_knl_Queue_Object__destruct__S)
                  00009c14    0000001c     sysbios.aem3 : BIOS.obj (.text:ti_sysbios_knl_Queue_get__E)
                  00009c30    0000001c                  : BIOS.obj (.text:ti_sysbios_knl_Queue_put__E)
                  00009c4c    0000001c     app_ble_pem3.oem3 (.text:ti_sysbios_knl_Swi_Object__destruct__S)
                  00009c68    0000001c     sysbios.aem3 : BIOS.obj (.text:ti_sysbios_knl_Task_enter__I)
                  00009c84    0000001c                  : BIOS.obj (.text:xdc_runtime_Error_raiseX__E)
                  00009ca0    0000001c                  : BIOS.obj (.text:xdc_runtime_Memory_valloc__E)
                  00009cbc    0000001c                  : BIOS.obj (.text:xdc_runtime_System_abort__E)
                  00009cd8    0000001a     icall_api.obj (.text:GATT_Notification)
                  00009cf2    0000001a     icall.obj (.text:ICall_enterCSImpl)
                  00009d0c    0000001a     icall.obj (.text:ICall_primSetTimerMSecs$14)
                  00009d26    0000001a     drivers_cc26xxware.aem3 : List.oem3 (.text:List_remove)
                  00009d40    0000001a     simple_peripheral.obj (.text:SimpleBLEPeripheral_processAppMsg$0)
                  00009d5a    0000001a     util.obj (.text:Util_dequeueMsg)
                  00009d74    0000001a     ExtFlash.obj (.text:extFlashPowerDown$18)
                  00009d8e    0000001a     icall_api.obj (.text:matchGattIndNotiCS$17)
                  00009da8    0000001a     sysbios.aem3 : m3_Hwi_asm.obj (.text:ti_sysbios_family_arm_m3_Hwi_pendSV__I)
                  00009dc2    00000002                  : BIOS.obj (.text:ti_sysbios_knl_Clock_triggerFunc__I)
                  00009dc4    00000018     oad.obj (.text:CheckImageDownloadCount$22)
                  00009ddc    00000018     peripheral.obj (.text:GAPRole_TerminateConnection)
                  00009df4    00000018     icall_cc2650.obj (.text:ICallPlatform_pwrDispense)
                  00009e0c    00000018     icall_cc2650.obj (.text:ICallPlatform_pwrRequire)
                  00009e24    00000018     simple_peripheral.obj (.text:ICall_free$0)
                  00009e3c    00000018     util.obj (.text:ICall_free$1)
                  00009e54    00000018     oad.obj (.text:ICall_free$22)
                  00009e6c    00000018     simple_peripheral.obj (.text:ICall_freeMsg$0)
                  00009e84    00000018     icall.obj (.text:ICall_freeMsg$14)
                  00009e9c    00000018     icall_api.obj (.text:ICall_freeMsg$17)
                  00009eb4    00000018     peripheral.obj (.text:ICall_freeMsg$24)
                  00009ecc    00000018     icall.obj (.text:ICall_primMalloc$14)
                  00009ee4    00000018     driverlib.lib : aon_rtc.obj (.text:NOROM_AONRTCCurrentCompareValueGet)
                  00009efc    00000018                   : chipinfo.obj (.text:NOROM_ChipInfo_GetPackageType)
                  00009f14    00000018                   : osc.obj (.text:NOROM_OSCHF_TurnOnXosc)
                  00009f2c    00000018                   : rfc.obj (.text:NOROM_RFCCpeIntGetAndClear)
                  00009f44    00000018                   : setup.obj (.text:NOROM_SetupGetTrimForAdcShModeEn)
                  00009f5c    00000018                   : setup.obj (.text:NOROM_SetupGetTrimForAdcShVbufEn)
                  00009f74    00000018                   : setup.obj (.text:NOROM_SetupGetTrimForAmpcompTh1)
                  00009f8c    00000018                   : setup.obj (.text:NOROM_SetupGetTrimForDblrLoopFilterResetVoltage)
                  00009fa4    00000018                   : setup.obj (.text:NOROM_SetupGetTrimForRcOscLfIBiasTrim)
                  00009fbc    00000018                   : setup.obj (.text:NOROM_SetupGetTrimForXoscLfRegulatorAndCmirrwrRatio)
                  00009fd4    00000018     oad_target_external_flash.obj (.text:OADTarget_open)
                  00009fec    00000018     PINCC26XX.obj (.text:PIN_getConfig)
                  0000a004    00000018     drivers_cc26xxware.aem3 : PowerCC26XX.oem3 (.text:Power_idleFunc)
                  0000a01c    00000018     RFCC26XX_singleMode.obj (.text:Q_pop$7)
                  0000a034    00000018     simple_peripheral.obj (.text:SimpleBLEPeripheral_performPeriodicTask$0)
                  0000a04c    00000018     ExtFlash.obj (.text:Spi_close$18)
                  0000a064    00000018     ExtFlash.obj (.text:Spi_flash$18)
                  0000a07c    00000018     drivers_cc26xxware.aem3 : PowerCC26XX.oem3 (.text:configureRFCoreClocks)
                  0000a094    00000018     peripheral.obj (.text:gapRole_setEvent$24)
                  0000a0ac    00000018     rtsv7M3_T_le_eabi.lib : args_main.obj (.text)
                  0000a0c4    00000018                           : ll_mul_t2.obj (.text)
                  0000a0dc    00000018     RFCC26XX_singleMode.obj (.text:swiFxnFsm$7)
                  0000a0f4    00000018     app_ble_pem3.oem3 (.text:ti_sysbios_BIOS_rtsUnlock__I)
                  0000a10c    00000018     app_ble_pem3.oem3 (.text:ti_sysbios_family_arm_cc26xx_Timer_Module__startupDone__F)
                  0000a124    00000018     app_ble_pem3.oem3 (.text:ti_sysbios_family_arm_m3_Hwi_Module__startupDone__F)
                  0000a13c    00000018     sysbios.aem3 : BIOS.obj (.text:ti_sysbios_family_arm_m3_Hwi_plug__E)
                  0000a154    00000018                  : BIOS.obj (.text:ti_sysbios_gates_GateMutex_leave__E)
                  0000a16c    00000018                  : BIOS.obj (.text:ti_sysbios_knl_Swi_or__E)
                  0000a184    00000018                  : BIOS.obj (.text:ti_sysbios_knl_Task_unblock__E)
                  0000a19c    00000018                  : BIOS.obj (.text:xdc_runtime_Core_destructObject__I)
                  0000a1b4    00000018                  : BIOS.obj (.text:xdc_runtime_Error_check__E)
                  0000a1cc    00000018                  : BIOS.obj (.text:xdc_runtime_System_exit__E)
                  0000a1e4    00000016     icall.obj (.text:ICall_abort$14)
                  0000a1fa    00000016     icall.obj (.text:ICall_leaveCSImpl)
                  0000a210    00000016     icall.obj (.text:ICall_primStopTimer$14)
                  0000a226    00000016     ble_user_config.obj (.text:driverTable_fnSpinlock)
                  0000a23c    00000016     app_ble_pem3.oem3 (.text:ti_sysbios_BIOS_exitFunc__I)
                  0000a252    00000016     sysbios.aem3 : BIOS.obj (.text:ti_sysbios_knl_Clock_start__E)
                  0000a268    00000014     devinfoservice.obj (.text:DevInfo_AddService)
                  0000a27c    00000014     ExtFlash.obj (.text:ExtFlash_powerDown$18)
                  0000a290    00000014     driverlib.lib : aon_rtc.obj (.text:NOROM_AONRTCCurrent64BitValueGet)
                  0000a2a4    00000014                   : chipinfo.obj (.text:NOROM_ThisCodeIsBuiltForCC26xxHwRev22AndLater_HaltIfViolated)
                  0000a2b8    00000014     oad_target_external_flash.obj (.text:OADTarget_close)
                  0000a2cc    00000014     oad_target_external_flash.obj (.text:OADTarget_writeFlash)
                  0000a2e0    00000014     oad.obj (.text:OAD_register)
                  0000a2f4    00000014     RFCC26XX_singleMode.obj (.text:RF_Params_init)
                  0000a308    00000014     SPI.obj (.text:SPI_Params_init)
                  0000a31c    00000014     simple_peripheral.obj (.text:SimpleBLEPeripheral_clockHandler$0)
                  0000a330    00000014     simple_gatt_profile.obj (.text:SimpleProfile_RegisterAppCBs)
                  0000a344    00000014     rtsv7M3_T_le_eabi.lib : _lock.obj (.text)
                  0000a358    00000014                           : strlen.obj (.text)
                  0000a36c    00000014     icall_api.obj (.text:setICallCmdEvtHdr$17)
                  0000a380    00000014     app_ble_pem3.oem3 (.text:ti_sysbios_family_arm_m3_Hwi_Object__get__S)
                  0000a394    00000014     sysbios.aem3 : BIOS.obj (.text:ti_sysbios_family_arm_m3_Hwi_switchFromBootStack__E)
                  0000a3a8    00000014     app_ble_pem3.oem3 (.text:ti_sysbios_knl_Clock_doTick__I)
                  0000a3bc    00000014     app_ble_pem3.oem3 (.text:ti_sysbios_knl_Swi_Object__get__S)
                  0000a3d0    00000012     gattservapp_util.obj (.text:GATTServApp_FindAttr)
                  0000a3e2    00000012     RFCC26XX_singleMode.obj (.text:RF_getCmdOp)
                  0000a3f4    00000012     sysbios.aem3 : BIOS.obj (.text:ti_sysbios_hal_Hwi_Module_startup__E)
                  0000a406    00000012     app_ble_pem3.oem3 (.text:xdc_runtime_Startup_exec__I)
                  0000a418    00000010     devinfoservice.obj (.text:DevInfo_SetParameter)
                  0000a428    00000010     RFCC26XX_singleMode.obj (.text:FsmDispatch$7)
                  0000a438    00000010     icall_api.obj (.text:GAP_EndDiscoverable)
                  0000a448    00000010     gattservapp_util.obj (.text:GATTServApp_ReadCharCfg)
                  0000a458    00000010     icall_api.obj (.text:HCI_LE_ReadMaxDataLenCmd)
                  0000a468    00000010     icall_cc2650.obj (.text:ICallPlatform_pwrGetXOSCStartupTime)
                  0000a478    00000010     icall.obj (.text:ICall_primGetTickPeriod$14)
                  0000a488    00000010     icall.obj (.text:ICall_taskEntry$14)
                  0000a498    00000010     driverlib.lib : rfc.obj (.text:NOROM_RFCRfTrimSet)
                  0000a4a8    00000010                   : setup.obj (.text:NOROM_SetupGetTrimForXoscHfFastStart)
                  0000a4b8    00000010                   : setup.obj (.text:NOROM_SetupGetTrimForXoscHfIbiastherm)
                  0000a4c8    00000010     oad_target_external_flash.obj (.text:OADTarget_getCrc)
                  0000a4d8    00000010     oad_target_external_flash.obj (.text:OADTarget_setCrc)
                  0000a4e8    00000010     oad_target_external_flash.obj (.text:OADTarget_systemReset)
                  0000a4f8    00000010     ble_user_config.obj (.text:RegisterAssertCback)
                  0000a508    00000010     util.obj (.text:Util_isActive)
                  0000a518    00000010     ExtFlash.obj (.text:extFlashDeselect$18)
                  0000a528    00000010     ExtFlash.obj (.text:extFlashSelect$18)
                  0000a538    00000010     sysbios.aem3 : BIOS.obj (.text:ti_sysbios_BIOS_exit__E)
                  0000a548    00000010                  : BIOS.obj (.text:ti_sysbios_BIOS_getCpuFreq__E)
                  0000a558    00000010                  : BIOS.obj (.text:ti_sysbios_BIOS_setThreadType__E)
                  0000a568    00000010                  : BIOS.obj (.text:ti_sysbios_BIOS_start__E)
                  0000a578    00000010                  : BIOS.obj (.text:ti_sysbios_family_arm_m3_Hwi_post__E)
                  0000a588    00000010                  : m3_TaskSupport_asm.obj (.text:ti_sysbios_family_arm_m3_TaskSupport_glue)
                  0000a598    00000010                  : m3_TaskSupport_asm.obj (.text:ti_sysbios_family_arm_m3_TaskSupport_swap__E)
                  0000a5a8    00000010     app_ble_pem3.oem3 (.text:ti_sysbios_hal_Hwi_HwiProxy_Object__create__S)
                  0000a5b8    00000010     sysbios.aem3 : BIOS.obj (.text:ti_sysbios_knl_Semaphore_Instance_finalize__E)
                  0000a5c8    00000010                  : BIOS.obj (.text:ti_sysbios_knl_Swi_disable__E)
                  0000a5d8    00000010                  : BIOS.obj (.text:ti_sysbios_knl_Swi_enabled__E)
                  0000a5e8    00000010     app_ble_pem3.oem3 (.text:ti_sysbios_knl_Task_Object__get__S)
                  0000a5f8    00000010     sysbios.aem3 : BIOS.obj (.text:ti_sysbios_knl_Task_disable__E)
                  0000a608    00000010                  : BIOS.obj (.text:xdc_runtime_Gate_leaveSystem__E)
                  0000a618    00000010                  : BIOS.obj (.text:xdc_runtime_SysCallback_abort__E)
                  0000a628    00000010                  : BIOS.obj (.text:xdc_runtime_SysCallback_exit__E)
                  0000a638    0000000e     icall_api.obj (.text:GATT_Indication)
                  0000a646    0000000e     icall_cc2650.obj (.text:ICallPlatform_pwrGetTransitionState)
                  0000a654    0000000e     icall_cc2650.obj (.text:ICallPlatform_pwrIsStableXOSCHF)
                  0000a662    0000000e     icall.obj (.text:ICall_primDisableMInt$14)
                  0000a670    0000000e     icall.obj (.text:ICall_primEnableMInt$14)
                  0000a67e    0000000e     icall.obj (.text:ICall_primFreeMsg$14)
                  0000a68c    0000000e     icall.obj (.text:ICall_primGetTicks$14)
                  0000a69a    0000000e     driverlib.lib : setup.obj (.text:NOROM_SetupSignExtendVddrTrimValue)
                  0000a6a8    0000000e                   : vims.obj (.text:NOROM_VIMSModeGet)
                  0000a6b6    0000000e     oad_target_external_flash.obj (.text:OADTarget_imageAddress)
                  0000a6c4    0000000e     SPICC26XXDMA.obj (.text:SPICC26XXDMA_init)
                  0000a6d2    0000000e     simple_peripheral.obj (.text:SimpleBLEPeripheral_processStackMsg$0)
                  0000a6e0    0000000e     util.obj (.text:Util_constructQueue)
                  0000a6ee    0000000e     rtsv7M3_T_le_eabi.lib : copy_decompress_none.obj (.text:decompress:none)
                  0000a6fc    0000000e     icall_api.obj (.text:matchGSARegisterServiceCS$17)
                  0000a70a    0000000e     icall_api.obj (.text:matchGapLinkEstCS$17)
                  0000a718    0000000e     icall_api.obj (.text:matchGattSendRspCS$17)
                  0000a726    0000000e     icall_api.obj (.text:matchLinkDBGetInfoCS$17)
                  0000a734    0000000e     icall_api.obj (.text:matchLinkDBNumActiveCS$17)
                  0000a742    0000000e     icall_api.obj (.text:matchLinkDBNumConnsCS$17)
                  0000a750    0000000e     icall_api.obj (.text:setDispatchCmdEvtHdr$17)
                  0000a75e    0000000e     sysbios.aem3 : BIOS.obj (.text:ti_sysbios_knl_Queue_empty__E)
                  0000a76c    0000000e                  : BIOS.obj (.text:ti_sysbios_knl_Queue_remove__E)
                  0000a77a    0000000e                  : BIOS.obj (.text:xdc_runtime_HeapMin_Instance_init__E)
                  0000a788    0000000c     RFCC26XX_singleMode.obj (.text:FsmNextState$7)
                  0000a794    0000000c     icall_api.obj (.text:GAP_MakeDiscoverable)
                  0000a7a0    0000000c     icall_api.obj (.text:GAP_TerminateAuth)
                  0000a7ac    0000000c     icall_api.obj (.text:GAP_UpdateLinkParamReq)
                  0000a7b8    0000000c     icall_api.obj (.text:GAP_UpdateLinkParamReqReply)
                  0000a7c4    0000000c     icall_api.obj (.text:GGS_SetParameter)
                  0000a7d0    0000000c     icall.obj (.text:ICall_clockFunc$14)
                  0000a7dc    0000000c     icall.obj (.text:ICall_primDisableInt$14)
                  0000a7e8    0000000c     icall.obj (.text:ICall_primEnableInt$14)
                  0000a7f4    0000000c     icall.obj (.text:ICall_primFree$14)
                  0000a800    0000000c     icall.obj (.text:ICall_primSignal$14)
                  0000a80c    0000000c     driverlib.lib : cpu.obj (.text:NOROM_CPUcpsid)
                  0000a818    0000000c                   : cpu.obj (.text:NOROM_CPUcpsie)
                  0000a824    0000000c     PINCC26XX.obj (.text:PIN_registerIntCb)
                  0000a830    0000000c     drivers_cc26xxware.aem3 : PowerCC26XX.oem3 (.text:Power_getConstraintMask)
                  0000a83c    0000000c                             : PowerCC26XX.oem3 (.text:Power_getDependencyCount)
                  0000a848    0000000c                             : PowerCC26XX.oem3 (.text:Power_getTransitionState)
                  0000a854    0000000c     util.obj (.text:Util_startClock)
                  0000a860    0000000c     rtsv7M3_T_le_eabi.lib : copy_zero_init.obj (.text:decompress:ZI)
                  0000a86c    0000000c     icall_api.obj (.text:matchProfileSetParamCS$17)
                  0000a878    0000000c     SPICC26XXDMA.obj (.text:spiPostNotify$9)
                  0000a884    0000000c     sysbios.aem3 : BIOS.obj (.text:ti_sysbios_BIOS_getThreadType__E)
                  0000a890    0000000c     app_ble_pem3.oem3 (.text:ti_sysbios_family_arm_m3_Hwi_Params__init__S)
                  0000a89c    0000000c     sysbios.aem3 : BIOS.obj (.text:ti_sysbios_family_arm_m3_Hwi_disableFxn__E)
                  0000a8a8    0000000c                  : BIOS.obj (.text:ti_sysbios_family_arm_m3_Hwi_enableFxn__E)
                  0000a8b4    0000000c                  : BIOS.obj (.text:ti_sysbios_family_arm_m3_TaskSupport_getStackAlignment__E)
                  0000a8c0    0000000c                  : BIOS.obj (.text:ti_sysbios_gates_GateHwi_enter__E)
                  0000a8cc    0000000c     app_ble_pem3.oem3 (.text:ti_sysbios_hal_Hwi_Params__init__S)
                  0000a8d8    0000000c     app_ble_pem3.oem3 (.text:ti_sysbios_knl_Clock_Params__init__S)
                  0000a8e4    0000000c     app_ble_pem3.oem3 (.text:ti_sysbios_knl_Queue_Object__get__S)
                  0000a8f0    0000000c     sysbios.aem3 : BIOS.obj (.text:ti_sysbios_knl_Queue_dequeue__E)
                  0000a8fc    0000000c                  : BIOS.obj (.text:ti_sysbios_knl_Queue_enqueue__E)
                  0000a908    0000000c     app_ble_pem3.oem3 (.text:ti_sysbios_knl_Semaphore_Params__init__S)
                  0000a914    0000000c     app_ble_pem3.oem3 (.text:ti_sysbios_knl_Swi_Params__init__S)
                  0000a920    0000000c     sysbios.aem3 : BIOS.obj (.text:ti_sysbios_knl_Swi_getTrigger__E)
                  0000a92c    0000000c     app_ble_pem3.oem3 (.text:ti_sysbios_knl_Task_Params__init__S)
                  0000a938    0000000c     sysbios.aem3 : BIOS.obj (.text:ti_sysbios_knl_Task_self__E)
                  0000a944    0000000c                  : BIOS.obj (.text:xdc_runtime_Gate_enterSystem__E)
                  0000a950    0000000c                  : BIOS.obj (.text:xdc_runtime_HeapMin_getStats__E)
                  0000a95c    0000000c                  : BIOS.obj (.text:xdc_runtime_Memory_calloc__E)
                  0000a968    0000000c                  : BIOS.obj (.text:xdc_runtime_Memory_getMaxDefaultTypeAlign__E)
                  0000a974    0000000c                  : BIOS.obj (.text:xdc_runtime_Startup_rtsDone__E)
                  0000a980    0000000a     icall_cc2650.obj (.text:ICallPlatform_pwrSwitchXOSCHF)
                  0000a98a    0000000a     icall.obj (.text:ICall_primE2S$14)
                  0000a994    0000000a     drivers_cc26xxware.aem3 : List.oem3 (.text:List_empty)
                  0000a99e    0000000a     oad_target_external_flash.obj (.text:OADTarget_readFlash)
                  0000a9a8    0000000a     SPI.obj (.text:SPI_close)
                  0000a9b2    0000000a     SPI.obj (.text:SPI_transfer)
                  0000a9bc    0000000a     UDMACC26XX.obj (.text:UDMACC26XX_hwiIntFxn)
                  0000a9c6    0000000a     app_ble_pem3.oem3 (.text:xdc_runtime_IHeap_alloc)
                  0000a9d0    00000008     icall_api.obj (.text:GAP_RegisterForMsgs)
                  0000a9d8    00000008     icall_api.obj (.text:GATT_RegisterForMsgs)
                  0000a9e0    00000008     RFCC26XX_singleMode.obj (.text:RF_flushCmd)
                  0000a9e8    00000008     SPICC26XXDMA.obj (.text:SPICC26XXDMA_transferCallback$9)
                  0000a9f0    00000008     simple_peripheral.obj (.text:SimpleBLEPeripheral_charValueChangeCB$0)
                  0000a9f8    00000008     simple_peripheral.obj (.text:SimpleBLEPeripheral_stateChangeCB$0)
                  0000aa00    00000008     icall_api.obj (.text:matchHciExtConnEventNoticeCS$17)
                  0000aa08    00000008     icall_api.obj (.text:matchHciLeReadMaxDataLenCS$17)
                  0000aa10    00000008     sysbios.aem3 : BIOS.obj (.text:ti_sysbios_family_arm_m3_Hwi_doSwiRestore__I)
                  0000aa18    00000008                  : BIOS.obj (.text:ti_sysbios_family_arm_m3_Hwi_startup__E)
                  0000aa20    00000008                  : BIOS.obj (.text:ti_sysbios_knl_Idle_loop__E)
                  0000aa28    00000006     icall_api.obj (.text:GGS_AddService)
                  0000aa2e    00000006     icall.obj (.text:ICall_mallocImpl)
                  0000aa34    00000006     oad_target_external_flash.obj (.text:OADTarget_eraseFlash)
                  0000aa3a    00000006     sysbios.aem3 : BIOS.obj (.text:__xdc__init)
                  0000aa40    00000006     RFCC26XX_singleMode.obj (.text:clkInactivityFxn$7)
                  0000aa46    00000006     rtsv7M3_T_le_eabi.lib : copy_decompress_rle.obj (.text:decompress:rle24)
                  0000aa4c    00000006     icall_api.obj (.text:gattAddService$17)
                  0000aa52    00000006     icall_api.obj (.text:matchBondMgrSetParamCS$17)
                  0000aa58    00000006     icall_api.obj (.text:matchGGSSetParamCS$17)
                  0000aa5e    00000006     icall_api.obj (.text:matchGapConnParamUpdateReplyCS$17)
                  0000aa64    00000006     icall_api.obj (.text:matchGapDeviceInitCS$17)
                  0000aa6a    00000006     icall_api.obj (.text:matchGapEndDiscoverableCS$17)
                  0000aa70    00000006     icall_api.obj (.text:matchGapGetParamCS$17)
                  0000aa76    00000006     icall_api.obj (.text:matchGapMakeDiscoverableCS$17)
                  0000aa7c    00000006     icall_api.obj (.text:matchGapSetParamCS$17)
                  0000aa82    00000006     icall_api.obj (.text:matchGapTerminateAuthCS$17)
                  0000aa88    00000006     icall_api.obj (.text:matchGapTerminateLinkReqCS$17)
                  0000aa8e    00000006     icall_api.obj (.text:matchGapUpdateAdvDataCS$17)
                  0000aa94    00000006     icall_api.obj (.text:matchGapUpdateLinkParamReqCS$17)
                  0000aa9a    00000006     icall_api.obj (.text:matchUtilNvReadCS$17)
                  0000aaa0    00000006     icall_api.obj (.text:matchUtilNvWriteCS$17)
                  0000aaa6    00000006     sysbios.aem3 : BIOS.obj (.text:ti_sysbios_family_arm_m3_Hwi_doTaskRestore__I)
                  0000aaac    00000006                  : BIOS.obj (.text:ti_sysbios_family_arm_m3_Hwi_restoreFxn__E)
                  0000aab2    00000006                  : BIOS.obj (.text:ti_sysbios_family_arm_m3_Hwi_setFunc__E)
                  0000aab8    00000006                  : BIOS.obj (.text:ti_sysbios_gates_GateHwi_leave__E)
                  0000aabe    00000006                  : BIOS.obj (.text:ti_sysbios_knl_Queue_Instance_init__E)
                  0000aac4    00000006                  : BIOS.obj (.text:ti_sysbios_knl_Queue_elemClear__E)
                  0000aaca    00000006                  : BIOS.obj (.text:ti_sysbios_knl_Swi_startup__E)
                  0000aad0    00000006                  : BIOS.obj (.text:ti_sysbios_knl_Task_enable__E)
                  0000aad6    00000006                  : BIOS.obj (.text:xdc_runtime_System_Module_startup__E)
                  0000aadc    00000004     icall_api.obj (.text:GATTServApp_AddService)
                  0000aae0    00000004     tirtosport.aem3 : HwiP_tirtos.oem3 (.text:HwiP_disable)
                  0000aae4    00000004     icall.obj (.text:ICall_primAbort$14)
                  0000aae8    00000004     drivers_cc26xxware.aem3 : List.oem3 (.text:List_head)
                  0000aaec    00000004                             : List.oem3 (.text:List_next)
                  0000aaf0    00000004     RFCC26XX_singleMode.obj (.text:Q_peek$7)
                  0000aaf4    00000004     util.obj (.text:Util_stopClock)
                  0000aaf8    00000004     peripheral.obj (.text:gapRole_SetupGAP$24)
                  0000aafc    00000004     drivers_cc26xxware.aem3 : PowerCC26XX.oem3 (.text:nopResourceHandler)
                  0000ab00    00000004     app_ble_pem3.oem3 (.text:ti_sysbios_BIOS_RtsGateProxy_enter__E)
                  0000ab04    00000004     app_ble_pem3.oem3 (.text:ti_sysbios_BIOS_RtsGateProxy_leave__E)
                  0000ab08    00000004     sysbios.aem3 : BIOS.obj (.text:ti_sysbios_family_arm_cc26xx_Timer_getCount64__E)
                  0000ab0c    00000004                  : BIOS.obj (.text:ti_sysbios_family_arm_cc26xx_Timer_setPeriod__E)
                  0000ab10    00000004     app_ble_pem3.oem3 (.text:ti_sysbios_family_arm_m3_Hwi_destruct)
                  0000ab14    00000004     app_ble_pem3.oem3 (.text:ti_sysbios_family_arm_m3_TaskSupport_Module__startupDone__S)
                  0000ab18    00000004     sysbios.aem3 : BIOS.obj (.text:ti_sysbios_gates_GateHwi_query__E)
                  0000ab1c    00000004                  : BIOS.obj (.text:ti_sysbios_gates_GateMutex_query__E)
                  0000ab20    00000004     app_ble_pem3.oem3 (.text:ti_sysbios_knl_Clock_TimerProxy_getCurrentTick__E)
                  0000ab24    00000004     app_ble_pem3.oem3 (.text:ti_sysbios_knl_Clock_TimerProxy_getMaxTicks__E)
                  0000ab28    00000004     app_ble_pem3.oem3 (.text:ti_sysbios_knl_Clock_TimerProxy_setNextTick__E)
                  0000ab2c    00000004     sysbios.aem3 : BIOS.obj (.text:ti_sysbios_knl_Clock_isActive__E)
                  0000ab30    00000004                  : BIOS.obj (.text:ti_sysbios_knl_Clock_removeI__E)
                  0000ab34    00000004                  : BIOS.obj (.text:ti_sysbios_knl_Clock_setTimeout__E)
                  0000ab38    00000004     app_ble_pem3.oem3 (.text:ti_sysbios_knl_Queue_destruct)
                  0000ab3c    00000004     sysbios.aem3 : BIOS.obj (.text:ti_sysbios_knl_Queue_head__E)
                  0000ab40    00000004                  : BIOS.obj (.text:ti_sysbios_knl_Queue_next__E)
                  0000ab44    00000004     app_ble_pem3.oem3 (.text:ti_sysbios_knl_Semaphore_destruct)
                  0000ab48    00000004     app_ble_pem3.oem3 (.text:ti_sysbios_knl_Swi_destruct)
                  0000ab4c    00000004     sysbios.aem3 : BIOS.obj (.text:ti_sysbios_knl_Swi_postInit__I)
                  0000ab50    00000004                  : BIOS.obj (.text:ti_sysbios_knl_Task_startup__E)
                  0000ab54    00000004                  : BIOS.obj (.text:xdc_runtime_HeapMin_isBlocking__E)
                  0000ab58    00000004     app_ble_pem3.oem3 (.text:xdc_runtime_System_Module_GateProxy_enter__E)
                  0000ab5c    00000004     app_ble_pem3.oem3 (.text:xdc_runtime_System_Module_GateProxy_leave__E)
                  0000ab60    00000002     sysbios.aem3 : BIOS.obj (.text:ti_sysbios_knl_Swi_Instance_finalize__E)
                  0000ab62    00000002                  : BIOS.obj (.text:xdc_runtime_Error_policySpin__E)
                  0000ab64    00000002                  : BIOS.obj (.text:xdc_runtime_SysCallback_defaultAbort)
                  0000ab66    00000002                  : BIOS.obj (.text:xdc_runtime_SysCallback_defaultExit)
                  0000ab68    00000002                  : BIOS.obj (.text:xdc_runtime_System_abortSpin__E)
                  0000ab6a    00000002                  : BIOS.obj (.text:xdc_runtime_System_exitSpin__E)

.const     0    0000ab6c    00000816     
                  0000ab6c    000000cc     icall.obj (.const)
                  0000ac38    00000054     SPICC26XXDMA.obj (.const)
                  0000ac8c    00000054     oad.obj (.const)
                  0000ace0    0000004c     drivers_cc26xxware.aem3 : PowerCC26XX.oem3 (.const:resourceDB)
                  0000ad2c    0000004c     ble_user_config.obj (.const:rfDriverTable)
                  0000ad78    0000003c     oad.obj (.const:.string)
                  0000adb4    0000003c     app_ble_pem3.oem3 (.const:ti_sysbios_knl_Task_Object__PARAMS__C)
                  0000adf0    00000038     board.obj (.const:spiCC26XXDMAHWAttrs)
                  0000ae28    00000030     app_ble_pem3.oem3 (.const:ti_sysbios_family_arm_m3_Hwi_Object__PARAMS__C)
                  0000ae58    0000002c     board.obj (.const:BoardGpioInitTable)
                  0000ae84    0000002c     gatt_uuid.obj (.const)
                  0000aeb0    0000002c     app_ble_pem3.oem3 (.const:ti_sysbios_hal_Hwi_Object__PARAMS__C)
                  0000aedc    00000028     app_ble_pem3.oem3 (.const:ti_sysbios_knl_Swi_Object__PARAMS__C)
                  0000af04    00000028     app_ble_pem3.oem3 (.const:xdc_runtime_HeapMin_Module__FXNS__C)
                  0000af2c    00000027     ble_user_config.obj (.const:txPowerTable)
                  0000af53    00000001     app_ble_pem3.oem3 (.const:xdc_runtime_Error_policy__C)
                  0000af54    00000024     board.obj (.const:SPI_config)
                  0000af78    00000024     app_ble_pem3.oem3 (.const:ti_sysbios_gates_GateHwi_Module__FXNS__C)
                  0000af9c    00000024     app_ble_pem3.oem3 (.const:ti_sysbios_gates_GateMutex_Module__FXNS__C)
                  0000afc0    00000024     app_ble_pem3.oem3 (.const:ti_sysbios_knl_Clock_Object__PARAMS__C)
                  0000afe4    00000024     app_ble_pem3.oem3 (.const:ti_sysbios_knl_Semaphore_Object__PARAMS__C)
                  0000b008    00000020     SPI.obj (.const)
                  0000b028    00000020     app_ble_pem3.oem3 (.const:ti_sysbios_family_arm_m3_Hwi_Object__DESC__C)
                  0000b048    00000020     app_ble_pem3.oem3 (.const:ti_sysbios_gates_GateHwi_Object__DESC__C)
                  0000b068    00000020     app_ble_pem3.oem3 (.const:ti_sysbios_gates_GateMutex_Object__DESC__C)
                  0000b088    00000020     app_ble_pem3.oem3 (.const:ti_sysbios_hal_Hwi_Object__DESC__C)
                  0000b0a8    00000020     app_ble_pem3.oem3 (.const:ti_sysbios_knl_Clock_Object__DESC__C)
                  0000b0c8    00000020     app_ble_pem3.oem3 (.const:ti_sysbios_knl_Queue_Object__DESC__C)
                  0000b0e8    00000020     app_ble_pem3.oem3 (.const:ti_sysbios_knl_Semaphore_Object__DESC__C)
                  0000b108    00000020     app_ble_pem3.oem3 (.const:ti_sysbios_knl_Swi_Object__DESC__C)
                  0000b128    00000020     app_ble_pem3.oem3 (.const:ti_sysbios_knl_Task_Object__DESC__C)
                  0000b148    00000020     app_ble_pem3.oem3 (.const:xdc_runtime_HeapMin_Object__DESC__C)
                  0000b168    00000020     app_ble_pem3.oem3 (.const:xdc_runtime_HeapMin_Object__PARAMS__C)
                  0000b188    0000001c     app_ble_pem3.oem3 (.const:xdc_runtime_Startup_sfxnTab__A)
                  0000b1a4    00000018     app_ble_pem3.oem3 (.const:ti_sysbios_gates_GateHwi_Object__PARAMS__C)
                  0000b1bc    00000018     app_ble_pem3.oem3 (.const:ti_sysbios_gates_GateMutex_Object__PARAMS__C)
                  0000b1d4    00000018     app_ble_pem3.oem3 (.const:ti_sysbios_knl_Queue_Object__PARAMS__C)
                  0000b1ec    00000014     devinfoservice.obj (.const:.string)
                  0000b200    00000014     RFCC26XX_singleMode.obj (.const)
                  0000b214    00000014     ble_user_config.obj (.const)
                  0000b228    00000014     devinfoservice.obj (.const)
                  0000b23c    00000014     simple_gatt_profile.obj (.const)
                  0000b250    00000010     board.obj (.const:PowerCC26XX_config)
                  0000b260    00000010     board.obj (.const:TRNGCC26XX_config)
                  0000b270    00000010     board.obj (.const:UDMACC26XX_config)
                  0000b280    0000000e     simple_gatt_profile.obj (.const:.string)
                  0000b28e    0000000e     app_ble_pem3.oem3 (.const:xdc_runtime_Startup_sfxnRts__A)
                  0000b29c    00000008     ExtFlash.obj (.const)
                  0000b2a4    00000008     app_ble_pem3.oem3 (.const:ti_sysbios_knl_Idle_funcList__C)
                  0000b2ac    00000008     board.obj (.const:udmaHWAttrs)
                  0000b2b4    00000008     app_ble_pem3.oem3 (.const:xdc_runtime_Startup_firstFxns__A)
                  0000b2bc    00000008     app_ble_pem3.oem3 (.const:xdc_runtime_Startup_firstFxns__C)
                  0000b2c4    00000008     app_ble_pem3.oem3 (.const:xdc_runtime_Startup_lastFxns__C)
                  0000b2cc    00000005     simple_peripheral.obj (.const:.string)
                  0000b2d1    00000001     app_ble_pem3.oem3 (.const:xdc_runtime_Text_charTab__A)
                  0000b2d2    00000002     app_ble_pem3.oem3 (.const:ti_sysbios_family_arm_m3_Hwi_Module__id__C)
                  0000b2d4    00000004     board.obj (.const:TRNGCC26XXHWAttrs)
                  0000b2d8    00000004     icall_cc2650.obj (.const)
                  0000b2dc    00000004     app_ble_pem3.oem3 (.const:ti_sysbios_family_arm_cc26xx_Timer_startupNeeded__C)
                  0000b2e0    00000004     app_ble_pem3.oem3 (.const:ti_sysbios_family_arm_m3_Hwi_E_alreadyDefined__C)
                  0000b2e4    00000004     app_ble_pem3.oem3 (.const:ti_sysbios_family_arm_m3_Hwi_NUM_INTERRUPTS__C)
                  0000b2e8    00000004     app_ble_pem3.oem3 (.const:ti_sysbios_family_arm_m3_Hwi_Object__count__C)
                  0000b2ec    00000004     app_ble_pem3.oem3 (.const:ti_sysbios_family_arm_m3_Hwi_ccr__C)
                  0000b2f0    00000004     app_ble_pem3.oem3 (.const:ti_sysbios_family_arm_m3_Hwi_excHandlerFunc__C)
                  0000b2f4    00000004     app_ble_pem3.oem3 (.const:ti_sysbios_family_arm_m3_Hwi_nullIsrFunc__C)
                  0000b2f8    00000004     app_ble_pem3.oem3 (.const:ti_sysbios_family_arm_m3_Hwi_priGroup__C)
                  0000b2fc    00000004     app_ble_pem3.oem3 (.const:ti_sysbios_family_arm_m3_TaskSupport_stackAlignment__C)
                  0000b300    00000004     app_ble_pem3.oem3 (.const:ti_sysbios_gates_GateMutex_Instance_State_sem__O)
                  0000b304    00000004     app_ble_pem3.oem3 (.const:ti_sysbios_knl_Clock_Module_State_clockQ__O)
                  0000b308    00000004     app_ble_pem3.oem3 (.const:ti_sysbios_knl_Clock_tickPeriod__C)
                  0000b30c    00000004     app_ble_pem3.oem3 (.const:ti_sysbios_knl_Clock_triggerClock__C)
                  0000b310    00000004     app_ble_pem3.oem3 (.const:ti_sysbios_knl_Idle_funcList__A)
                  0000b314    00000004     app_ble_pem3.oem3 (.const:ti_sysbios_knl_Semaphore_Instance_State_pendQ__O)
                  0000b318    00000004     app_ble_pem3.oem3 (.const:ti_sysbios_knl_Swi_Object__count__C)
                  0000b31c    00000004     app_ble_pem3.oem3 (.const:ti_sysbios_knl_Task_Module_State_inactiveQ__O)
                  0000b320    00000004     app_ble_pem3.oem3 (.const:ti_sysbios_knl_Task_Object__count__C)
                  0000b324    00000004     app_ble_pem3.oem3 (.const:ti_sysbios_knl_Task_allBlockedFunc__C)
                  0000b328    00000004     app_ble_pem3.oem3 (.const:ti_sysbios_knl_Task_defaultStackHeap__C)
                  0000b32c    00000004     app_ble_pem3.oem3 (.const:ti_sysbios_knl_Task_defaultStackSize__C)
                  0000b330    00000004     app_ble_pem3.oem3 (.const:ti_sysbios_knl_Task_numConstructedTasks__C)
                  0000b334    00000004     app_ble_pem3.oem3 (.const:xdc_runtime_Error_E_memory__C)
                  0000b338    00000004     app_ble_pem3.oem3 (.const:xdc_runtime_Error_policyFxn__C)
                  0000b33c    00000004     app_ble_pem3.oem3 (.const:xdc_runtime_HeapMin_E_freeError__C)
                  0000b340    00000004     app_ble_pem3.oem3 (.const:xdc_runtime_IGateProvider_Interface__BASE__C)
                  0000b344    00000004     app_ble_pem3.oem3 (.const:xdc_runtime_IHeap_Interface__BASE__C)
                  0000b348    00000004     app_ble_pem3.oem3 (.const:xdc_runtime_IModule_Interface__BASE__C)
                  0000b34c    00000004     app_ble_pem3.oem3 (.const:xdc_runtime_Memory_defaultHeapInstance__C)
                  0000b350    00000004     app_ble_pem3.oem3 (.const:xdc_runtime_Startup_execImpl__C)
                  0000b354    00000004     app_ble_pem3.oem3 (.const:xdc_runtime_Startup_maxPasses__C)
                  0000b358    00000004     app_ble_pem3.oem3 (.const:xdc_runtime_Startup_sfxnRts__C)
                  0000b35c    00000004     app_ble_pem3.oem3 (.const:xdc_runtime_Startup_sfxnTab__C)
                  0000b360    00000004     app_ble_pem3.oem3 (.const:xdc_runtime_SysCallback_abortFxn__C)
                  0000b364    00000004     app_ble_pem3.oem3 (.const:xdc_runtime_SysCallback_exitFxn__C)
                  0000b368    00000004     app_ble_pem3.oem3 (.const:xdc_runtime_System_Module__gateObj__C)
                  0000b36c    00000004     app_ble_pem3.oem3 (.const:xdc_runtime_System_abortFxn__C)
                  0000b370    00000004     app_ble_pem3.oem3 (.const:xdc_runtime_System_exitFxn__C)
                  0000b374    00000004     app_ble_pem3.oem3 (.const:xdc_runtime_System_maxAtexitHandlers__C)
                  0000b378    00000004     app_ble_pem3.oem3 (.const:xdc_runtime_Text_nodeTab__A)
[...]
0000b360  xdc_runtime_SysCallback_abortFxn__C                         
0000b364  xdc_runtime_SysCallback_exitFxn__C                          
0000b368  xdc_runtime_System_Module__gateObj__C                       
0000b36c  xdc_runtime_System_abortFxn__C                              
0000b370  xdc_runtime_System_exitFxn__C                               
0000b374  xdc_runtime_System_maxAtexitHandlers__C                     
0000b378  xdc_runtime_Text_nodeTab__A                                 
0000b37c  xdc_runtime_HeapMin_Module__id__C                           
0000b37e  xdc_runtime_HeapMin_freeError__C                            
0000b380  xdc_runtime_Memory_Module__id__C                            
0000b384  __ccfg                                                      
0000b3e0  __TI_static_base__                                          
0000bb98  __TI_Handler_Table_Base                                     
0000bba4  __TI_Handler_Table_Limit                                    
0000bbd0  __TI_CINIT_Base                                             
0000bc00  __TI_CINIT_Limit                                            
0000e0ea  __checksum_value_CommonROM                                  
10014c00  A1_rw                                                       
10014c00  __checksum_begin_CommonROM                                  
10014c01  COMMON_ROM_BASE_ADDR                                        
10014c04  P1_ro                                                       
10014c05  SCALARMUL_init                                              
10014ced  SCALARMUL_core                                              
10015019  SCALARMUL_final                                             
100150e5  SCALARMUL                                                   
10015101  SAVEPOINT                                                   
10015141  GETBIT                                                      
10015155  GETDIGIT                                                    
100151a5  GETDIGITL2R                                                 
10015215  SelectReg                                                   
10015229  ATOMICPATTERN                                               
100154f5  JACADD                                                      
1001568d  INVERT                                                      
10015821  SQUAREMULTIPLYWORD                                          
1001588c  LUTOPCODE                                                   
10015894  LUTOPSIGN                                                   
100158ac  LUTC                                                        
100158c4  LUTSE                                                       
100158dc  LUTINCI                                                     
100158f4  LUTJ                                                        
1001596c  LUTSTATE                                                    
100159a9  IMPORTLENGTH                                                
100159ad  IMPORTMODULUS                                               
100159d1  IMPORTOPERAND                                               
10015a11  EXPORTOPERAND                                               
10015a35  IMPORTDATA                                                  
10015a51  SETOPERAND                                                  
10015a6d  COPY                                                        
10015a85  ZERO                                                        
10015a91  SETWORD                                                     
10015a9d  mSET                                                        
10015bcd  zSET                                                        
10015bd5  mINVK                                                       
10015d19  zADD                                                        
10015d5d  zSUB                                                        
10015de9  zMACC32                                                     
10015e69  zSUB32                                                      
10015eb5  zADD32                                                      
10015f0d  zMULT32                                                     
10015f81  mMULT                                                       
10016551  mADD                                                        
1001664d  mSUB                                                        
10016749  mOUT                                                        
10016975  ssp_KeyInit_Sw                                              
10016979  sspAesEncrypt_Sw                                            
10016985  sspKeyExpansion_Sw                                          
10016a99  sspAesEncryptKeyExp_Sw                                      
10016af5  sspAesEncryptBasic_Sw                                       
10016b79  RoundKey_Sw                                                 
10016c29  AddRoundKeySubBytes_Sw                                      
10016c45  ShiftRows_Sw                                                
10016c79  MixColumns_Sw                                               
10016d05  FFMult_Sw                                                   
10016d29  sspAesDecrypt_Sw                                            
10016da1  InvAddRoundKey_Sw                                           
10016dc9  InvRoundKey_Sw                                              
10016e8d  InvSubBytes_Sw                                              
10016ea1  InvShiftRows_Sw                                             
10016ed5  InvMixColumns_Sw                                            
10016f58  FFMult2                                                     
10017058  FFMult3                                                     
10017158  RCon                                                        
10017164  Sbox                                                        
10017264  InvSbox                                                     
10017365  SSP_CCM_Auth_Sw                                             
100174fd  SSP_CCM_Encrypt_Sw                                          
100175ed  SSP_CTR_Encrypt_Sw                                          
1001767d  SSP_CCM_Decrypt_Sw                                          
10017771  SSP_CTR_Decrypt_Sw                                          
10017839  SSP_CCM_InvAuth_Sw                                          
10017895  SSP_CCM_Auth_Encrypt_Sw                                     
100178f5  SSP_CCM_InvAuth_Decrypt_Sw                                  
10017959  ECC_allocWorkzone                                           
10017961  ECC_setWin                                                  
10017969  ECDSA_sign                                                  
10017b01  ECDSA_verif                                                 
10017dbd  eccRom_genKeys                                              
10017ded  eccRom_genSharedSecret                                      
10017e39  SHA256_updateW                                              
10017e75  SHA256_round                                                
10017ef1  SHA256_nextState                                            
10017f49  SHA256_saveBuffer                                           
10017ffd  SHA256_init                                                 
10018019  SHA256_process                                              
10018089  SHA256_final                                                
10018129  SHA256_full                                                 
100182ad  RFHAL_InitRfHal                                             
10018315  RFHAL_AllocRatChan                                          
1001833d  RFHAL_FreeRatChan                                           
10018369  RFHAL_MapRatChansToInt                                      
10018391  RFHAL_RegisterRatChanCallback                               
100183b9  RFHAL_InitDataQueue                                         
100183c5  RFHAL_QueueRFDataEntries                                    
10018415  RFHAL_AddTxDataEntry                                        
10018485  RFHAL_FreeNextTxDataEntry                                   
100184a9  RFHAL_AllocDataEntryQueue                                   
100184c5  RFHAL_FreeDataEntryQueue                                    
100184cd  RFHAL_GetNextDataEntry                                      
100184d1  RFHAL_GetTempDataEntry                                      
100184d5  RFHAL_NextDataEntryDone                                     
100184f9  RFHAL_AllocDataEntry                                        
10018549  RFHAL_FreeDataEntry                                         
10018551  RFHAL_BuildRingBuffer                                       
100185e1  RFHAL_BuildDataEntryRingBuffer                              
10018669  RFHAL_BuildLinkedBuffer                                     
10018755  MB_Init                                                     
10018799  MB_EnableInts                                               
100187f5  MB_DisableInts                                              
10018825  MB_ClearInts                                                
10018835  MB_EnableHWInts                                             
10018865  MB_SendCommand                                              
100188a5  MB_SendCommandSynch                                         
10018935  MB_ReadMailboxStatus                                        
1001893d  MB_RegisterIsrCback                                         
10018945  MB_FwDebugDump                                              
10018949  mbCmdAckIsr                                                 
1001895d  mbCpe0Isr                                                   
10018985  mbCpe1Isr                                                   
100189e5  mbHwIsr                                                     
10018a19  AesCcm_authEncrypt_Sw                                       
10018a35  AesCcm_decryptAuth_Sw                                       
10018a99  Aes_encrypt_Sw                                              
10018ac5  Aes_decrypt_Sw                                              
10018b09  AesCcm_getNumBlocks_Sw                                      
10018b0c  NIST_Curve_P256_p                                           
10018b30  NIST_Curve_P256_r                                           
10018b54  NIST_Curve_P256_a                                           
10018b78  NIST_Curve_P256_b                                           
10018b9c  NIST_Curve_P256_Gx                                          
10018bc0  NIST_Curve_P256_Gy                                          
10018ced  __exit                                                      
10018d6c  Fill1                                                       
10019ffc  A3_rw                                                       
10019ffd  __checksum_end_CommonROM                                    
10019ffe  A2_rw                                                       
10019ffe  P1_ro_2                                                     
10019ffe  __checksum_CommonROM                                        
20000000  ti_sysbios_family_arm_m3_Hwi_ramVectors                     
20000524  dispHandle                                                  
200005c8  sbpTask                                                     
20000618  sbpTaskStack                                                
2000089c  linkDBNumConns                                              
200009b0  gapRoleTask                                                 
20000a00  gapRoleTaskStack                                            
20001270  ti_sysbios_family_arm_cc26xx_Timer_Module__root__V          
20001278  ti_sysbios_family_arm_cc26xx_Timer_Module__state__V         
20001280  ti_sysbios_family_arm_m3_Hwi_Module__root__V                
20001288  ti_sysbios_family_arm_m3_Hwi_Object__table__V               
200012a0  ti_sysbios_family_arm_m3_Hwi_Module_State_0_excActive__A    
200012a4  ti_sysbios_family_arm_m3_Hwi_Module_State_0_excContext__A   
200012a8  ti_sysbios_family_arm_m3_Hwi_Module_State_0_excStack__A     
200012ac  ti_sysbios_gates_GateHwi_Module__root__V                    
200012b4  ti_sysbios_gates_GateHwi_Object__table__V                   
200012b8  ti_sysbios_gates_GateMutex_Module__root__V                  
200012c0  ti_sysbios_gates_GateMutex_Object__table__V                 
200012dc  ti_sysbios_hal_Hwi_Module__root__V                          
200012e4  ti_sysbios_knl_Clock_Module__root__V                        
200012ec  ti_sysbios_knl_Clock_Object__table__V                       
2000130c  ti_sysbios_knl_Queue_Module__root__V                        
20001314  ti_sysbios_knl_Semaphore_Module__root__V                    
2000131c  ti_sysbios_knl_Swi_Module__root__V                          
20001324  ti_sysbios_knl_Swi_Module__state__V                         
20001340  ti_sysbios_knl_Task_Module__root__V                         
20001348  ti_sysbios_knl_Task_Module_State_0_idleTask__A              
2000134c  xdc_runtime_Error_Module__state__V                          
20001350  xdc_runtime_HeapMin_Module__root__V                         
20001358  xdc_runtime_HeapMin_Object__table__V                        
20001368  xdc_runtime_Memory_Module__state__V                         
2000136c  xdc_runtime_Registry_Module__state__V                       
20001374  xdc_runtime_Startup_Module__state__V                        
2000137c  xdc_runtime_System_Module__state__V                         
20001384  xdc_runtime_Text_Module__state__V                           
2000138c  __xdc__init__addr                                           
20001390  PowerCC26XX_module                                          
200014a0  ICall_dispatcher                                            
200014a8  ICall_enterCriticalSection                                  
200014ac  ICall_leaveCriticalSection                                  
200014c4  HEAPMGR_SIZE                                                
200015a0  rfRegTbl                                                    
200015f0  ti_sysbios_knl_Task_Object__table__V                        
20001640  ti_sysbios_family_arm_cc26xx_Timer_Object__table__V         
20001688  ti_sysbios_knl_Task_Module__state__V                        
200016cc  ti_sysbios_family_arm_m3_Hwi_Module__state__V               
20001700  ti_sysbios_knl_Swi_Module_State_0_readyQ__A                 
20001730  ti_sysbios_knl_Swi_Object__table__V                         
20001760  ti_sysbios_knl_Task_Module_State_0_readyQ__A                
20001790  user0Cfg                                                    
200017c0  ti_sysbios_knl_Clock_Module__state__V                       
200017ec  ti_sysbios_BIOS_Module__state__V                            
20001824  lastAppOpcodeSent                                           
20001828  pfnBMAlloc                                                  
2000182c  pfnBMFree                                                   
20001838  _lock                                                       
2000183c  _unlock                                                     
20001840  __TI_cleanup_ptr                                            
20001844  __TI_dtors_ptr                                              
20001848  appAssertCback                                              
2000184c  main_func_sp                                                
20001858  xdc_runtime_HeapMin_Instance_State_0_buf__A                 
20001ee0  ti_sysbios_knl_Task_Instance_State_0_stack__A               
200020e0  spiCC26XXDMAObjects                                         
20002298  PIN_NumPins                                                 
2000232c  PIN_HandleTable                                             
200023a8  ti_sysbios_family_arm_m3_Hwi_dispatchTable                  
20002470  udmaObjects                                                 
200024ac  trngCC26XXObjects                                           
200024b1  driverlib_release_0_46593                                   
200024b2  heapStart                                                   
20004148  __stack                                                     
20004148  heapEnd                                                     
20004348  __STACK_END                                                 
20004348  __STACK_TOP                                                 
20004f2c  A4_rw                                                       
20004f2c  COMMON_RAM_BASE_ADDR                                        
20004f40  P2_rw                                                       
20004f40  P2_s0                                                       
20004f40  eccRom_windowSize                                           
20004f44  eccRom_workzone                                             
20004f48  eccRom_param_p                                              
20004f4c  eccRom_param_r                                              
20004f50  eccRom_param_a                                              
20004f54  inScalar                                                    
20004f58  inPointX                                                    
20004f5c  inPointY                                                    
20004f60  outPointX                                                   
20004f64  outPointY                                                   
20004f68  SCAL                                                        
20004f6c  EXPX                                                        
20004f70  EXPY                                                        
20004f74  EXPZ                                                        
20004f78  EXPW                                                        
20004f7c  ACCX                                                        
20004f80  ACCY                                                        
20004f84  ACCZ                                                        
20004f88  TMP1                                                        
20004f8c  TMP2                                                        
20004f90  TMP3                                                        
20004f94  TMP4                                                        
20004f98  TMP5                                                        
20004f9c  TMP6                                                        
20004fa0  eccRom_param_Gx                                             
20004fa4  eccRom_param_Gy                                             
20004fa8  eccRom_param_b                                              
20004fac  P2_zi                                                       
20004fac  ratChanInfo                                                 
20004fcc  fwInfoCmd                                                   
20004fd8  MSBMOD                                                      
20004fdc  aux64                                                       
20004fe4  MOD                                                         
20004fe8  LEN                                                         
20004ffc  pSspAesEncrypt_Sw                                           
e000e000  ti_sysbios_family_arm_m3_Hwi_nvic                           
ffffffff  __binit__                                                   
ffffffff  __c_args__                                                  
ffffffff  binit                                                       
UNDEFED   SHT$$INIT_ARRAY$$Base                                       
UNDEFED   SHT$$INIT_ARRAY$$Limit                                      

[915 symbols]
